../Drivers/CMSIS/Include/core_cm4.h:1684:22:__NVIC_EnableIRQ	16	static,ignoring_inline_asm
../Drivers/CMSIS/Include/core_cm4.h:1814:22:__NVIC_SetPriority	16	static
../Core/Src/main.c:78:5:main	8	static
../Core/Src/main.c:129:6:SystemClock_Config	88	static
../Core/Src/main.c:175:13:MX_GPIO_Init	16	static
../Core/Src/main.c:189:6:Led_Init	4	static
../Core/Src/main.c:202:6:Led_On	4	static
../Core/Src/main.c:207:6:Led_Off	4	static
../Core/Src/main.c:212:6:time1	16	static
../Core/Src/main.c:219:6:Timer10_Init	16	static
../Core/Src/main.c:255:6:Timer10_Enable	4	static
../Core/Src/main.c:261:6:Timer10_Disable	4	static
../Core/Src/main.c:266:6:TIM1_UP_TIM10_IRQHandler	4	static
../Core/Src/main.c:273:6:Led_Init_PB8	16	static
../Core/Src/main.c:310:6:Error_Handler	4	static,ignoring_inline_asm
