../Core/Src/main.c:76:5:main	8	static
../Core/Src/main.c:126:6:SystemClock_Config	88	static
../Core/Src/main.c:172:13:MX_GPIO_Init	16	static
../Core/Src/main.c:186:6:Led_Init	4	static
../Core/Src/main.c:199:6:Led_On	4	static
../Core/Src/main.c:204:6:Led_Off	4	static
../Core/Src/main.c:209:6:time1	16	static
../Core/Src/main.c:216:6:Timer10_Init	16	static
../Core/Src/main.c:246:6:Timer10_Enable	4	static
../Core/Src/main.c:251:6:Timer10_Disable	4	static
../Core/Src/main.c:256:6:Led_Init_PB8	16	static
../Core/Src/main.c:293:6:Error_Handler	4	static,ignoring_inline_asm
